Archive member included because of file (symbol)

/usr/lib/gcc/avr/4.1.0/libgcc.a(_copy_data.o)
                              main.o (__do_copy_data)
/usr/lib/gcc/avr/4.1.0/libgcc.a(_clear_bss.o)
                              main.o (__do_clear_bss)

Memory Configuration

Name             Origin             Length             Attributes
text             0x00000000         0x00002000         xr
data             0x00800060         0x0000ffa0         rw !x
eeprom           0x00810000         0x00010000         rw !x
*default*        0x00000000         0xffffffff

Linker script and memory map

LOAD /usr/lib/gcc/avr/4.1.0/../../../../avr/lib/crttn26.o
LOAD main.o
LOAD ../transmission/transmission.o
LOAD ../transmission/me.o
LOAD /usr/lib/gcc/avr/4.1.0/../../../../avr/lib/libm.a
LOAD /usr/lib/gcc/avr/4.1.0/libgcc.a
LOAD /usr/lib/gcc/avr/4.1.0/../../../../avr/lib/libc.a
LOAD /usr/lib/gcc/avr/4.1.0/libgcc.a

.hash
 *(.hash)

.dynsym
 *(.dynsym)

.dynstr
 *(.dynstr)

.gnu.version
 *(.gnu.version)

.gnu.version_d
 *(.gnu.version_d)

.gnu.version_r
 *(.gnu.version_r)

.rel.init
 *(.rel.init)

.rela.init
 *(.rela.init)

.rel.text
 *(.rel.text)
 *(.rel.text.*)
 *(.rel.gnu.linkonce.t*)

.rela.text
 *(.rela.text)
 *(.rela.text.*)
 *(.rela.gnu.linkonce.t*)

.rel.fini
 *(.rel.fini)

.rela.fini
 *(.rela.fini)

.rel.rodata
 *(.rel.rodata)
 *(.rel.rodata.*)
 *(.rel.gnu.linkonce.r*)

.rela.rodata
 *(.rela.rodata)
 *(.rela.rodata.*)
 *(.rela.gnu.linkonce.r*)

.rel.data
 *(.rel.data)
 *(.rel.data.*)
 *(.rel.gnu.linkonce.d*)

.rela.data
 *(.rela.data)
 *(.rela.data.*)
 *(.rela.gnu.linkonce.d*)

.rel.ctors
 *(.rel.ctors)

.rela.ctors
 *(.rela.ctors)

.rel.dtors
 *(.rel.dtors)

.rela.dtors
 *(.rela.dtors)

.rel.got
 *(.rel.got)

.rela.got
 *(.rela.got)

.rel.bss
 *(.rel.bss)

.rela.bss
 *(.rela.bss)

.rel.plt
 *(.rel.plt)

.rela.plt
 *(.rela.plt)

.text           0x00000000      0x5e6
 *(.vectors)
 .vectors       0x00000000       0x18 /usr/lib/gcc/avr/4.1.0/../../../../avr/lib/crttn26.o
                0x00000000                __vectors
                0x00000000                __vector_default
                0x00000018                __ctors_start = .
 *(.ctors)
                0x00000018                __ctors_end = .
                0x00000018                __dtors_start = .
 *(.dtors)
                0x00000018                __dtors_end = .
 *(.progmem.gcc*)
 *(.progmem*)
                0x00000018                . = ALIGN (0x2)
 *(.init0)
 *(.init1)
 *(.init2)
 .init2         0x00000018        0x8 /usr/lib/gcc/avr/4.1.0/../../../../avr/lib/crttn26.o
 *(.init3)
 *(.init4)
 .init4         0x00000020       0x18 /usr/lib/gcc/avr/4.1.0/libgcc.a(_copy_data.o)
                0x00000020                __do_copy_data
 .init4         0x00000038       0x10 /usr/lib/gcc/avr/4.1.0/libgcc.a(_clear_bss.o)
                0x00000038                __do_clear_bss
 *(.init5)
 *(.init6)
 *(.init7)
 *(.init8)
 *(.init9)
 .init9         0x00000048        0x2 /usr/lib/gcc/avr/4.1.0/../../../../avr/lib/crttn26.o
 *(.text)
 .text          0x0000004a        0x2 /usr/lib/gcc/avr/4.1.0/../../../../avr/lib/crttn26.o
                0x0000004a                __vector_1
                0x0000004a                __bad_interrupt
                0x0000004a                __vector_6
                0x0000004a                __vector_3
                0x0000004a                __vector_11
                0x0000004a                __vector_7
                0x0000004a                __vector_4
                0x0000004a                __vector_9
                0x0000004a                __vector_2
                0x0000004a                __vector_8
                0x0000004a                __vector_10
 .text          0x0000004c      0x2e2 main.o
                0x000000aa                set_b
                0x00000290                get_b
                0x0000004c                set_led
                0x000000bc                set_dir
                0x0000015c                blink
                0x000002c4                wait_start
                0x00000172                __vector_5
                0x00000074                check_keys
                0x00000058                delay_us
                0x000001a2                main
                0x000001e8                get
                0x000000d6                beep
                0x00000254                wait_trans
 .text          0x0000032e      0x212 ../transmission/transmission.o
                0x00000330                recv
                0x000004d0                send
                0x0000032e                delay
                0x000003d0                send_short
 .text          0x00000540       0xa6 ../transmission/me.o
                0x00000566                me_decode16
                0x0000059a                me_valid
                0x00000540                me_encode
                0x000005e6                . = ALIGN (0x2)
 *(.text.*)
                0x000005e6                . = ALIGN (0x2)
 *(.fini9)
 *(.fini8)
 *(.fini7)
 *(.fini6)
 *(.fini5)
 *(.fini4)
 *(.fini3)
 *(.fini2)
 *(.fini1)
 *(.fini0)
                0x000005e6                _etext = .

.data           0x00800060        0xa load address 0x000005e6
                0x00800060                PROVIDE (__data_start, .)
 *(.data)
 .data          0x00800060        0x9 main.o
 *(.gnu.linkonce.d*)
                0x0080006a                . = ALIGN (0x2)
 *fill*         0x00800069        0x1 00
                0x0080006a                _edata = .
                0x0080006a                PROVIDE (__data_end, .)

.bss            0x0080006a        0x3
                0x0080006a                PROVIDE (__bss_start, .)
 *(.bss)
 .bss           0x0080006a        0x3 main.o
                0x0080006c                state
                0x0080006a                counter
 *(COMMON)
                0x0080006d                PROVIDE (__bss_end, .)
                0x000005e6                __data_load_start = LOADADDR (.data)
                0x000005f0                __data_load_end = (__data_load_start + SIZEOF (.data))

.noinit         0x0080006d        0x0
                0x0080006d                PROVIDE (__noinit_start, .)
 *(.noinit*)
                0x0080006d                PROVIDE (__noinit_end, .)
                0x0080006d                _end = .
                0x0080006d                PROVIDE (__heap_start, .)

.eeprom         0x00810000        0x0
 *(.eeprom*)
                0x00810000                __eeprom_end = .

.stab           0x00000000      0x354
 *(.stab)
 .stab          0x00000000      0x354 /usr/lib/gcc/avr/4.1.0/../../../../avr/lib/crttn26.o

.stabstr        0x00000000       0x54
 *(.stabstr)
 .stabstr       0x00000000       0x54 /usr/lib/gcc/avr/4.1.0/../../../../avr/lib/crttn26.o

.stab.excl
 *(.stab.excl)

.stab.exclstr
 *(.stab.exclstr)

.stab.index
 *(.stab.index)

.stab.indexstr
 *(.stab.indexstr)

.comment
 *(.comment)

.debug
 *(.debug)

.line
 *(.line)

.debug_srcinfo
 *(.debug_srcinfo)

.debug_sfnames
 *(.debug_sfnames)

.debug_aranges
 *(.debug_aranges)

.debug_pubnames
 *(.debug_pubnames)

.debug_info
 *(.debug_info)
 *(.gnu.linkonce.wi.*)

.debug_abbrev
 *(.debug_abbrev)

.debug_line
 *(.debug_line)

.debug_frame
 *(.debug_frame)

.debug_str
 *(.debug_str)

.debug_loc
 *(.debug_loc)

.debug_macinfo
 *(.debug_macinfo)
OUTPUT(remote.elf elf32-avr)

Cross Reference Table

Symbol                                            File
__bad_interrupt                                   /usr/lib/gcc/avr/4.1.0/../../../../avr/lib/crttn26.o
__bss_end                                         /usr/lib/gcc/avr/4.1.0/libgcc.a(_clear_bss.o)
__bss_start                                       /usr/lib/gcc/avr/4.1.0/libgcc.a(_clear_bss.o)
__data_end                                        /usr/lib/gcc/avr/4.1.0/libgcc.a(_copy_data.o)
__data_load_start                                 /usr/lib/gcc/avr/4.1.0/libgcc.a(_copy_data.o)
__data_start                                      /usr/lib/gcc/avr/4.1.0/libgcc.a(_copy_data.o)
__do_clear_bss                                    /usr/lib/gcc/avr/4.1.0/libgcc.a(_clear_bss.o)
                                                  ../transmission/me.o
                                                  ../transmission/transmission.o
                                                  main.o
__do_copy_data                                    /usr/lib/gcc/avr/4.1.0/libgcc.a(_copy_data.o)
                                                  ../transmission/me.o
                                                  ../transmission/transmission.o
                                                  main.o
__heap_end                                        /usr/lib/gcc/avr/4.1.0/../../../../avr/lib/crttn26.o
__init                                            /usr/lib/gcc/avr/4.1.0/../../../../avr/lib/crttn26.o
__stack                                           /usr/lib/gcc/avr/4.1.0/../../../../avr/lib/crttn26.o
                                                  main.o
__vector_1                                        /usr/lib/gcc/avr/4.1.0/../../../../avr/lib/crttn26.o
__vector_10                                       /usr/lib/gcc/avr/4.1.0/../../../../avr/lib/crttn26.o
__vector_11                                       /usr/lib/gcc/avr/4.1.0/../../../../avr/lib/crttn26.o
__vector_2                                        /usr/lib/gcc/avr/4.1.0/../../../../avr/lib/crttn26.o
__vector_3                                        /usr/lib/gcc/avr/4.1.0/../../../../avr/lib/crttn26.o
__vector_4                                        /usr/lib/gcc/avr/4.1.0/../../../../avr/lib/crttn26.o
__vector_5                                        main.o
                                                  /usr/lib/gcc/avr/4.1.0/../../../../avr/lib/crttn26.o
__vector_6                                        /usr/lib/gcc/avr/4.1.0/../../../../avr/lib/crttn26.o
__vector_7                                        /usr/lib/gcc/avr/4.1.0/../../../../avr/lib/crttn26.o
__vector_8                                        /usr/lib/gcc/avr/4.1.0/../../../../avr/lib/crttn26.o
__vector_9                                        /usr/lib/gcc/avr/4.1.0/../../../../avr/lib/crttn26.o
__vector_default                                  /usr/lib/gcc/avr/4.1.0/../../../../avr/lib/crttn26.o
__vectors                                         /usr/lib/gcc/avr/4.1.0/../../../../avr/lib/crttn26.o
beep                                              main.o
blink                                             main.o
check_keys                                        main.o
counter                                           main.o
delay                                             ../transmission/transmission.o
delay_us                                          main.o
get                                               main.o
get_b                                             main.o
                                                  ../transmission/transmission.o
main                                              main.o
                                                  /usr/lib/gcc/avr/4.1.0/../../../../avr/lib/crttn26.o
me_decode16                                       ../transmission/me.o
                                                  ../transmission/transmission.o
me_encode                                         ../transmission/me.o
                                                  ../transmission/transmission.o
me_valid                                          ../transmission/me.o
                                                  ../transmission/transmission.o
recv                                              ../transmission/transmission.o
                                                  main.o
send                                              ../transmission/transmission.o
                                                  main.o
send_short                                        ../transmission/transmission.o
set_b                                             main.o
                                                  ../transmission/transmission.o
set_dir                                           main.o
set_led                                           main.o
state                                             main.o
wait_start                                        main.o
                                                  ../transmission/transmission.o
wait_trans                                        main.o
