Archive member included because of file (symbol)

/usr/lib/gcc/avr/4.1.0/libgcc.a(_copy_data.o)
                              main.o (__do_copy_data)
/usr/lib/gcc/avr/4.1.0/libgcc.a(_clear_bss.o)
                              main.o (__do_clear_bss)

Memory Configuration

Name             Origin             Length             Attributes
text             0x00000000         0x00002000         xr
data             0x00800060         0x0000ffa0         rw !x
eeprom           0x00810000         0x00010000         rw !x
*default*        0x00000000         0xffffffff

Linker script and memory map

LOAD /usr/lib/gcc/avr/4.1.0/../../../../avr/lib/crttn26.o
LOAD main.o
LOAD /usr/lib/gcc/avr/4.1.0/../../../../avr/lib/libm.a
LOAD /usr/lib/gcc/avr/4.1.0/libgcc.a
LOAD /usr/lib/gcc/avr/4.1.0/../../../../avr/lib/libc.a
LOAD /usr/lib/gcc/avr/4.1.0/libgcc.a

.hash
 *(.hash)

.dynsym
 *(.dynsym)

.dynstr
 *(.dynstr)

.gnu.version
 *(.gnu.version)

.gnu.version_d
 *(.gnu.version_d)

.gnu.version_r
 *(.gnu.version_r)

.rel.init
 *(.rel.init)

.rela.init
 *(.rela.init)

.rel.text
 *(.rel.text)
 *(.rel.text.*)
 *(.rel.gnu.linkonce.t*)

.rela.text
 *(.rela.text)
 *(.rela.text.*)
 *(.rela.gnu.linkonce.t*)

.rel.fini
 *(.rel.fini)

.rela.fini
 *(.rela.fini)

.rel.rodata
 *(.rel.rodata)
 *(.rel.rodata.*)
 *(.rel.gnu.linkonce.r*)

.rela.rodata
 *(.rela.rodata)
 *(.rela.rodata.*)
 *(.rela.gnu.linkonce.r*)

.rel.data
 *(.rel.data)
 *(.rel.data.*)
 *(.rel.gnu.linkonce.d*)

.rela.data
 *(.rela.data)
 *(.rela.data.*)
 *(.rela.gnu.linkonce.d*)

.rel.ctors
 *(.rel.ctors)

.rela.ctors
 *(.rela.ctors)

.rel.dtors
 *(.rel.dtors)

.rela.dtors
 *(.rela.dtors)

.rel.got
 *(.rel.got)

.rela.got
 *(.rela.got)

.rel.bss
 *(.rel.bss)

.rela.bss
 *(.rela.bss)

.rel.plt
 *(.rel.plt)

.rela.plt
 *(.rela.plt)

.text           0x00000000      0x142
 *(.vectors)
 .vectors       0x00000000       0x18 /usr/lib/gcc/avr/4.1.0/../../../../avr/lib/crttn26.o
                0x00000000                __vectors
                0x00000000                __vector_default
                0x00000018                __ctors_start = .
 *(.ctors)
                0x00000018                __ctors_end = .
                0x00000018                __dtors_start = .
 *(.dtors)
                0x00000018                __dtors_end = .
 *(.progmem.gcc*)
 *(.progmem*)
                0x00000018                . = ALIGN (0x2)
 *(.init0)
 *(.init1)
 *(.init2)
 .init2         0x00000018        0x8 /usr/lib/gcc/avr/4.1.0/../../../../avr/lib/crttn26.o
 *(.init3)
 *(.init4)
 .init4         0x00000020       0x18 /usr/lib/gcc/avr/4.1.0/libgcc.a(_copy_data.o)
                0x00000020                __do_copy_data
 .init4         0x00000038       0x10 /usr/lib/gcc/avr/4.1.0/libgcc.a(_clear_bss.o)
                0x00000038                __do_clear_bss
 *(.init5)
 *(.init6)
 *(.init7)
 *(.init8)
 *(.init9)
 .init9         0x00000048        0x2 /usr/lib/gcc/avr/4.1.0/../../../../avr/lib/crttn26.o
 *(.text)
 .text          0x0000004a        0x2 /usr/lib/gcc/avr/4.1.0/../../../../avr/lib/crttn26.o
                0x0000004a                __vector_1
                0x0000004a                __bad_interrupt
                0x0000004a                __vector_6
                0x0000004a                __vector_3
                0x0000004a                __vector_7
                0x0000004a                __vector_5
                0x0000004a                __vector_4
                0x0000004a                __vector_9
                0x0000004a                __vector_2
                0x0000004a                __vector_8
                0x0000004a                __vector_10
 .text          0x0000004c       0xf6 main.o
                0x00000102                __vector_11
                0x0000004c                delay_us
                0x00000088                main
                0x00000068                delay_ms
                0x00000142                . = ALIGN (0x2)
 *(.text.*)
                0x00000142                . = ALIGN (0x2)
 *(.fini9)
 *(.fini8)
 *(.fini7)
 *(.fini6)
 *(.fini5)
 *(.fini4)
 *(.fini3)
 *(.fini2)
 *(.fini1)
 *(.fini0)
                0x00000142                _etext = .

.data           0x00800060        0x0 load address 0x00000142
                0x00800060                PROVIDE (__data_start, .)
 *(.data)
 *(.gnu.linkonce.d*)
                0x00800060                . = ALIGN (0x2)
                0x00800060                _edata = .
                0x00800060                PROVIDE (__data_end, .)

.bss            0x00800060        0x3
                0x00800060                PROVIDE (__bss_start, .)
 *(.bss)
 .bss           0x00800060        0x3 main.o
                0x00800062                I
                0x00800060                P
 *(COMMON)
                0x00800063                PROVIDE (__bss_end, .)
                0x00000142                __data_load_start = LOADADDR (.data)
                0x00000142                __data_load_end = (__data_load_start + SIZEOF (.data))

.noinit         0x00800063        0x0
                0x00800063                PROVIDE (__noinit_start, .)
 *(.noinit*)
                0x00800063                PROVIDE (__noinit_end, .)
                0x00800063                _end = .
                0x00800063                PROVIDE (__heap_start, .)

.eeprom         0x00810000        0x0
 *(.eeprom*)
                0x00810000                __eeprom_end = .

.stab           0x00000000      0x354
 *(.stab)
 .stab          0x00000000      0x354 /usr/lib/gcc/avr/4.1.0/../../../../avr/lib/crttn26.o

.stabstr        0x00000000       0x54
 *(.stabstr)
 .stabstr       0x00000000       0x54 /usr/lib/gcc/avr/4.1.0/../../../../avr/lib/crttn26.o

.stab.excl
 *(.stab.excl)

.stab.exclstr
 *(.stab.exclstr)

.stab.index
 *(.stab.index)

.stab.indexstr
 *(.stab.indexstr)

.comment
 *(.comment)

.debug
 *(.debug)

.line
 *(.line)

.debug_srcinfo
 *(.debug_srcinfo)

.debug_sfnames
 *(.debug_sfnames)

.debug_aranges
 *(.debug_aranges)

.debug_pubnames
 *(.debug_pubnames)

.debug_info
 *(.debug_info)
 *(.gnu.linkonce.wi.*)

.debug_abbrev
 *(.debug_abbrev)

.debug_line
 *(.debug_line)

.debug_frame
 *(.debug_frame)

.debug_str
 *(.debug_str)

.debug_loc
 *(.debug_loc)

.debug_macinfo
 *(.debug_macinfo)
OUTPUT(recognition.elf elf32-avr)

Cross Reference Table

Symbol                                            File
I                                                 main.o
P                                                 main.o
__bad_interrupt                                   /usr/lib/gcc/avr/4.1.0/../../../../avr/lib/crttn26.o
__bss_end                                         /usr/lib/gcc/avr/4.1.0/libgcc.a(_clear_bss.o)
__bss_start                                       /usr/lib/gcc/avr/4.1.0/libgcc.a(_clear_bss.o)
__data_end                                        /usr/lib/gcc/avr/4.1.0/libgcc.a(_copy_data.o)
__data_load_start                                 /usr/lib/gcc/avr/4.1.0/libgcc.a(_copy_data.o)
__data_start                                      /usr/lib/gcc/avr/4.1.0/libgcc.a(_copy_data.o)
__do_clear_bss                                    /usr/lib/gcc/avr/4.1.0/libgcc.a(_clear_bss.o)
                                                  main.o
__do_copy_data                                    /usr/lib/gcc/avr/4.1.0/libgcc.a(_copy_data.o)
                                                  main.o
__heap_end                                        /usr/lib/gcc/avr/4.1.0/../../../../avr/lib/crttn26.o
__init                                            /usr/lib/gcc/avr/4.1.0/../../../../avr/lib/crttn26.o
__stack                                           /usr/lib/gcc/avr/4.1.0/../../../../avr/lib/crttn26.o
                                                  main.o
__vector_1                                        /usr/lib/gcc/avr/4.1.0/../../../../avr/lib/crttn26.o
__vector_10                                       /usr/lib/gcc/avr/4.1.0/../../../../avr/lib/crttn26.o
__vector_11                                       main.o
                                                  /usr/lib/gcc/avr/4.1.0/../../../../avr/lib/crttn26.o
__vector_2                                        /usr/lib/gcc/avr/4.1.0/../../../../avr/lib/crttn26.o
__vector_3                                        /usr/lib/gcc/avr/4.1.0/../../../../avr/lib/crttn26.o
__vector_4                                        /usr/lib/gcc/avr/4.1.0/../../../../avr/lib/crttn26.o
__vector_5                                        /usr/lib/gcc/avr/4.1.0/../../../../avr/lib/crttn26.o
__vector_6                                        /usr/lib/gcc/avr/4.1.0/../../../../avr/lib/crttn26.o
__vector_7                                        /usr/lib/gcc/avr/4.1.0/../../../../avr/lib/crttn26.o
__vector_8                                        /usr/lib/gcc/avr/4.1.0/../../../../avr/lib/crttn26.o
__vector_9                                        /usr/lib/gcc/avr/4.1.0/../../../../avr/lib/crttn26.o
__vector_default                                  /usr/lib/gcc/avr/4.1.0/../../../../avr/lib/crttn26.o
__vectors                                         /usr/lib/gcc/avr/4.1.0/../../../../avr/lib/crttn26.o
delay_ms                                          main.o
delay_us                                          main.o
main                                              main.o
                                                  /usr/lib/gcc/avr/4.1.0/../../../../avr/lib/crttn26.o
